---
source: src/tests/integration/e2e.rs
expression: last_snapshot

---
 Zellij  Tab #1                                                                                                       
                                                                                                                        
$                                       │$ █                                                                            
                                        │                                                                               
                                        │                                                                               
                                        │                                                                               
                                        │                                                                               
                                        │                                                                               
                                        │                                                                               
                                        │                                                                               
                                        │                                                                               
                                        │                                                                               
                                        │                                                                               
                                        │                                                                               
                                        │                                                                               
                                        │                                                                               
                                        │                                                                               
                                        │                                                                               
                                        │                                                                               
                                        │                                                                               
                                        │                                                                               
                                                                                                                        
 Ctrl + <g> LOCK  <p> PANE  <t> TAB  <r> RESIZE  <s> SCROLL  <o> SESSION  <q> QUIT                       
 Tip: Alt + n => open new pane. Alt + [] or hjkl => navigate between panes.                                             
